Release 14.7 - xst P.20131013 (nt)
Copyright (c) 1995-2013 Xilinx, Inc.  All rights reserved.
--> Parameter TMPDIR set to xst/projnav.tmp


Total REAL time to Xst completion: 2.00 secs
Total CPU time to Xst completion: 1.73 secs
 
--> Parameter xsthdpdir set to xst


Total REAL time to Xst completion: 2.00 secs
Total CPU time to Xst completion: 1.73 secs
 
--> Reading design: alu4bit_board_sch.prj

TABLE OF CONTENTS
  1) Synthesis Options Summary
  2) HDL Compilation
  3) Design Hierarchy Analysis
  4) HDL Analysis
  5) HDL Synthesis
     5.1) HDL Synthesis Report
  6) Advanced HDL Synthesis
     6.1) Advanced HDL Synthesis Report
  7) Low Level Synthesis
  8) Partition Report
  9) Final Report
	9.1) Device utilization summary
	9.2) Partition Resource Summary
	9.3) TIMING REPORT


=========================================================================
*                      Synthesis Options Summary                        *
=========================================================================
---- Source Parameters
Input File Name                    : "alu4bit_board_sch.prj"
Input Format                       : mixed
Ignore Synthesis Constraint File   : NO

---- Target Parameters
Output File Name                   : "alu4bit_board_sch"
Output Format                      : NGC
Target Device                      : xc3s100e-4-cp132

---- Source Options
Top Module Name                    : alu4bit_board_sch
Automatic FSM Extraction           : YES
FSM Encoding Algorithm             : Auto
Safe Implementation                : No
FSM Style                          : LUT
RAM Extraction                     : Yes
RAM Style                          : Auto
ROM Extraction                     : Yes
Mux Style                          : Auto
Decoder Extraction                 : YES
Priority Encoder Extraction        : Yes
Shift Register Extraction          : YES
Logical Shifter Extraction         : YES
XOR Collapsing                     : YES
ROM Style                          : Auto
Mux Extraction                     : Yes
Resource Sharing                   : YES
Asynchronous To Synchronous        : NO
Multiplier Style                   : Auto
Automatic Register Balancing       : No

---- Target Options
Add IO Buffers                     : YES
Global Maximum Fanout              : 100000
Add Generic Clock Buffer(BUFG)     : 24
Register Duplication               : YES
Slice Packing                      : YES
Optimize Instantiated Primitives   : NO
Use Clock Enable                   : Yes
Use Synchronous Set                : Yes
Use Synchronous Reset              : Yes
Pack IO Registers into IOBs        : Auto
Equivalent register Removal        : YES

---- General Options
Optimization Goal                  : Speed
Optimization Effort                : 1
Keep Hierarchy                     : No
Netlist Hierarchy                  : As_Optimized
RTL Output                         : Yes
Global Optimization                : AllClockNets
Read Cores                         : YES
Write Timing Constraints           : NO
Cross Clock Analysis               : NO
Hierarchy Separator                : /
Bus Delimiter                      : <>
Case Specifier                     : Maintain
Slice Utilization Ratio            : 100
BRAM Utilization Ratio             : 100
Verilog 2001                       : YES
Auto BRAM Packing                  : NO
Slice Utilization Ratio Delta      : 5

=========================================================================


=========================================================================
*                          HDL Compilation                              *
=========================================================================
Compiling verilog file "mux4_sch.vf" in library work
Compiling verilog file "mux4_7bit_sch.vf" in library work
Module <mux4_sch> compiled
Module <mux4_sch_MUSER_mux4_7bit_sch> compiled
Compiling verilog file "logic_ext.vf" in library work
Module <mux4_7bit_sch> compiled
Compiling verilog file "G.vf" in library work
Module <logic_ext> compiled
Compiling verilog file "fa_sch.vf" in library work
Module <G> compiled
Compiling verilog file "F.vf" in library work
Module <fa_sch> compiled
Compiling verilog file "E.vf" in library work
Module <F> compiled
Compiling verilog file "D.vf" in library work
Module <E> compiled
Compiling verilog file "C.vf" in library work
Module <D> compiled
Compiling verilog file "B.vf" in library work
Module <C> compiled
Compiling verilog file "arith_ext.vf" in library work
Module <B> compiled
Compiling verilog file "seven_seg_control_sch.vf" in library work
Module <arith_ext> compiled
Module <D2_4E_MXILINX_seven_seg_control_sch> compiled
Module <FTCE_MXILINX_seven_seg_control_sch> compiled
Module <CB16CE_MXILINX_seven_seg_control_sch> compiled
Module <mux4_sch_MUSER_seven_seg_control_sch> compiled
Module <mux4_7bit_sch_MUSER_seven_seg_control_sch> compiled
Compiling verilog file "bin_to_7seghex_sch.vf" in library work
Module <seven_seg_control_sch> compiled
Module <G_MUSER_bin_to_7seghex_sch> compiled
Module <F_MUSER_bin_to_7seghex_sch> compiled
Module <E_MUSER_bin_to_7seghex_sch> compiled
Module <D_MUSER_bin_to_7seghex_sch> compiled
Module <C_MUSER_bin_to_7seghex_sch> compiled
Module <B_MUSER_bin_to_7seghex_sch> compiled
Compiling verilog file "alu4bit_sch.vf" in library work
Module <bin_to_7seghex_sch> compiled
Module <fa_sch_MUSER_alu4bit_sch> compiled
Module <arith_ext_MUSER_alu4bit_sch> compiled
Module <logic_ext_MUSER_alu4bit_sch> compiled
Compiling verilog file "alu4bit_board_sch.vf" in library work
Module <alu4bit_sch> compiled
Module <G_MUSER_alu4bit_board_sch> compiled
Module <F_MUSER_alu4bit_board_sch> compiled
Module <E_MUSER_alu4bit_board_sch> compiled
Module <D_MUSER_alu4bit_board_sch> compiled
Module <C_MUSER_alu4bit_board_sch> compiled
Module <B_MUSER_alu4bit_board_sch> compiled
Module <bin_to_7seghex_sch_MUSER_alu4bit_board_sch> compiled
Module <D2_4E_MXILINX_alu4bit_board_sch> compiled
Module <FTCE_MXILINX_alu4bit_board_sch> compiled
Module <CB16CE_MXILINX_alu4bit_board_sch> compiled
Module <mux4_sch_MUSER_alu4bit_board_sch> compiled
Module <mux4_7bit_sch_MUSER_alu4bit_board_sch> compiled
Module <seven_seg_control_sch_MUSER_alu4bit_board_sch> compiled
Module <fa_sch_MUSER_alu4bit_board_sch> compiled
Module <arith_ext_MUSER_alu4bit_board_sch> compiled
Module <logic_ext_MUSER_alu4bit_board_sch> compiled
Module <alu4bit_sch_MUSER_alu4bit_board_sch> compiled
Module <alu4bit_board_sch> compiled
No errors in compilation
Analysis of file <"alu4bit_board_sch.prj"> succeeded.
 

=========================================================================
*                     Design Hierarchy Analysis                         *
=========================================================================
Analyzing hierarchy for module <alu4bit_board_sch> in library <work>.

Analyzing hierarchy for module <bin_to_7seghex_sch_MUSER_alu4bit_board_sch> in library <work>.

Analyzing hierarchy for module <alu4bit_sch_MUSER_alu4bit_board_sch> in library <work>.

Analyzing hierarchy for module <seven_seg_control_sch_MUSER_alu4bit_board_sch> in library <work>.

Analyzing hierarchy for module <B_MUSER_alu4bit_board_sch> in library <work>.

Analyzing hierarchy for module <C_MUSER_alu4bit_board_sch> in library <work>.

Analyzing hierarchy for module <D_MUSER_alu4bit_board_sch> in library <work>.

Analyzing hierarchy for module <E_MUSER_alu4bit_board_sch> in library <work>.

Analyzing hierarchy for module <F_MUSER_alu4bit_board_sch> in library <work>.

Analyzing hierarchy for module <G_MUSER_alu4bit_board_sch> in library <work>.

Analyzing hierarchy for module <logic_ext_MUSER_alu4bit_board_sch> in library <work>.

Analyzing hierarchy for module <arith_ext_MUSER_alu4bit_board_sch> in library <work>.

Analyzing hierarchy for module <fa_sch_MUSER_alu4bit_board_sch> in library <work>.

Analyzing hierarchy for module <mux4_7bit_sch_MUSER_alu4bit_board_sch> in library <work>.

Analyzing hierarchy for module <CB16CE_MXILINX_alu4bit_board_sch> in library <work>.

Analyzing hierarchy for module <D2_4E_MXILINX_alu4bit_board_sch> in library <work>.

Analyzing hierarchy for module <mux4_sch_MUSER_alu4bit_board_sch> in library <work>.

Analyzing hierarchy for module <FTCE_MXILINX_alu4bit_board_sch> in library <work> with parameters.
	INIT = "0"

Analyzing hierarchy for module <FTCE_MXILINX_alu4bit_board_sch> in library <work> with parameters.
	INIT = "0"

Analyzing hierarchy for module <FTCE_MXILINX_alu4bit_board_sch> in library <work> with parameters.
	INIT = "0"

Analyzing hierarchy for module <FTCE_MXILINX_alu4bit_board_sch> in library <work> with parameters.
	INIT = "0"

Analyzing hierarchy for module <FTCE_MXILINX_alu4bit_board_sch> in library <work> with parameters.
	INIT = "0"

Analyzing hierarchy for module <FTCE_MXILINX_alu4bit_board_sch> in library <work> with parameters.
	INIT = "0"

Analyzing hierarchy for module <FTCE_MXILINX_alu4bit_board_sch> in library <work> with parameters.
	INIT = "0"

Analyzing hierarchy for module <FTCE_MXILINX_alu4bit_board_sch> in library <work> with parameters.
	INIT = "0"

Analyzing hierarchy for module <FTCE_MXILINX_alu4bit_board_sch> in library <work> with parameters.
	INIT = "0"

Analyzing hierarchy for module <FTCE_MXILINX_alu4bit_board_sch> in library <work> with parameters.
	INIT = "0"

Analyzing hierarchy for module <FTCE_MXILINX_alu4bit_board_sch> in library <work> with parameters.
	INIT = "0"

Analyzing hierarchy for module <FTCE_MXILINX_alu4bit_board_sch> in library <work> with parameters.
	INIT = "0"

Analyzing hierarchy for module <FTCE_MXILINX_alu4bit_board_sch> in library <work> with parameters.
	INIT = "0"

Analyzing hierarchy for module <FTCE_MXILINX_alu4bit_board_sch> in library <work> with parameters.
	INIT = "0"

Analyzing hierarchy for module <FTCE_MXILINX_alu4bit_board_sch> in library <work> with parameters.
	INIT = "0"

Analyzing hierarchy for module <FTCE_MXILINX_alu4bit_board_sch> in library <work> with parameters.
	INIT = "0"


=========================================================================
*                            HDL Analysis                               *
=========================================================================
Analyzing top module <alu4bit_board_sch>.
Module <alu4bit_board_sch> is correct for synthesis.
 
Analyzing module <bin_to_7seghex_sch_MUSER_alu4bit_board_sch> in library <work>.
Module <bin_to_7seghex_sch_MUSER_alu4bit_board_sch> is correct for synthesis.
 
Analyzing module <B_MUSER_alu4bit_board_sch> in library <work>.
Module <B_MUSER_alu4bit_board_sch> is correct for synthesis.
 
Analyzing module <C_MUSER_alu4bit_board_sch> in library <work>.
Module <C_MUSER_alu4bit_board_sch> is correct for synthesis.
 
Analyzing module <D_MUSER_alu4bit_board_sch> in library <work>.
Module <D_MUSER_alu4bit_board_sch> is correct for synthesis.
 
Analyzing module <E_MUSER_alu4bit_board_sch> in library <work>.
Module <E_MUSER_alu4bit_board_sch> is correct for synthesis.
 
Analyzing module <F_MUSER_alu4bit_board_sch> in library <work>.
Module <F_MUSER_alu4bit_board_sch> is correct for synthesis.
 
Analyzing module <G_MUSER_alu4bit_board_sch> in library <work>.
Module <G_MUSER_alu4bit_board_sch> is correct for synthesis.
 
Analyzing module <alu4bit_sch_MUSER_alu4bit_board_sch> in library <work>.
Module <alu4bit_sch_MUSER_alu4bit_board_sch> is correct for synthesis.
 
Analyzing module <logic_ext_MUSER_alu4bit_board_sch> in library <work>.
Module <logic_ext_MUSER_alu4bit_board_sch> is correct for synthesis.
 
Analyzing module <arith_ext_MUSER_alu4bit_board_sch> in library <work>.
Module <arith_ext_MUSER_alu4bit_board_sch> is correct for synthesis.
 
Analyzing module <fa_sch_MUSER_alu4bit_board_sch> in library <work>.
Module <fa_sch_MUSER_alu4bit_board_sch> is correct for synthesis.
 
Analyzing module <seven_seg_control_sch_MUSER_alu4bit_board_sch> in library <work>.
Module <seven_seg_control_sch_MUSER_alu4bit_board_sch> is correct for synthesis.
 
    Set user-defined property "HU_SET =  XLXI_2_16" for instance <XLXI_2> in unit <seven_seg_control_sch_MUSER_alu4bit_board_sch>.
    Set user-defined property "HU_SET =  XLXI_3_17" for instance <XLXI_3> in unit <seven_seg_control_sch_MUSER_alu4bit_board_sch>.
Analyzing module <mux4_7bit_sch_MUSER_alu4bit_board_sch> in library <work>.
Module <mux4_7bit_sch_MUSER_alu4bit_board_sch> is correct for synthesis.
 
Analyzing module <mux4_sch_MUSER_alu4bit_board_sch> in library <work>.
Module <mux4_sch_MUSER_alu4bit_board_sch> is correct for synthesis.
 
Analyzing module <CB16CE_MXILINX_alu4bit_board_sch> in library <work>.
Module <CB16CE_MXILINX_alu4bit_board_sch> is correct for synthesis.
 
    Set user-defined property "HU_SET =  I_Q0_1" for instance <I_Q0> in unit <CB16CE_MXILINX_alu4bit_board_sch>.
    Set user-defined property "HU_SET =  I_Q1_0" for instance <I_Q1> in unit <CB16CE_MXILINX_alu4bit_board_sch>.
    Set user-defined property "HU_SET =  I_Q10_10" for instance <I_Q10> in unit <CB16CE_MXILINX_alu4bit_board_sch>.
    Set user-defined property "HU_SET =  I_Q11_11" for instance <I_Q11> in unit <CB16CE_MXILINX_alu4bit_board_sch>.
    Set user-defined property "HU_SET =  I_Q12_12" for instance <I_Q12> in unit <CB16CE_MXILINX_alu4bit_board_sch>.
    Set user-defined property "HU_SET =  I_Q13_13" for instance <I_Q13> in unit <CB16CE_MXILINX_alu4bit_board_sch>.
    Set user-defined property "HU_SET =  I_Q14_14" for instance <I_Q14> in unit <CB16CE_MXILINX_alu4bit_board_sch>.
    Set user-defined property "HU_SET =  I_Q15_15" for instance <I_Q15> in unit <CB16CE_MXILINX_alu4bit_board_sch>.
    Set user-defined property "HU_SET =  I_Q2_3" for instance <I_Q2> in unit <CB16CE_MXILINX_alu4bit_board_sch>.
    Set user-defined property "HU_SET =  I_Q3_2" for instance <I_Q3> in unit <CB16CE_MXILINX_alu4bit_board_sch>.
    Set user-defined property "HU_SET =  I_Q4_7" for instance <I_Q4> in unit <CB16CE_MXILINX_alu4bit_board_sch>.
    Set user-defined property "HU_SET =  I_Q5_6" for instance <I_Q5> in unit <CB16CE_MXILINX_alu4bit_board_sch>.
    Set user-defined property "HU_SET =  I_Q6_5" for instance <I_Q6> in unit <CB16CE_MXILINX_alu4bit_board_sch>.
    Set user-defined property "HU_SET =  I_Q7_4" for instance <I_Q7> in unit <CB16CE_MXILINX_alu4bit_board_sch>.
    Set user-defined property "HU_SET =  I_Q8_8" for instance <I_Q8> in unit <CB16CE_MXILINX_alu4bit_board_sch>.
    Set user-defined property "HU_SET =  I_Q9_9" for instance <I_Q9> in unit <CB16CE_MXILINX_alu4bit_board_sch>.
Analyzing module <FTCE_MXILINX_alu4bit_board_sch.1> in library <work>.
	INIT = 1'b0
Module <FTCE_MXILINX_alu4bit_board_sch.1> is correct for synthesis.
 
    Set user-defined property "INIT =  0" for instance <I_36_35> in unit <FTCE_MXILINX_alu4bit_board_sch.1>.
    Set user-defined property "RLOC =  X0Y0" for instance <I_36_35> in unit <FTCE_MXILINX_alu4bit_board_sch.1>.
Analyzing module <FTCE_MXILINX_alu4bit_board_sch.2> in library <work>.
	INIT = 1'b0
Module <FTCE_MXILINX_alu4bit_board_sch.2> is correct for synthesis.
 
    Set user-defined property "INIT =  0" for instance <I_36_35> in unit <FTCE_MXILINX_alu4bit_board_sch.2>.
    Set user-defined property "RLOC =  X0Y0" for instance <I_36_35> in unit <FTCE_MXILINX_alu4bit_board_sch.2>.
Analyzing module <FTCE_MXILINX_alu4bit_board_sch.3> in library <work>.
	INIT = 1'b0
Module <FTCE_MXILINX_alu4bit_board_sch.3> is correct for synthesis.
 
    Set user-defined property "INIT =  0" for instance <I_36_35> in unit <FTCE_MXILINX_alu4bit_board_sch.3>.
    Set user-defined property "RLOC =  X0Y0" for instance <I_36_35> in unit <FTCE_MXILINX_alu4bit_board_sch.3>.
Analyzing module <FTCE_MXILINX_alu4bit_board_sch.4> in library <work>.
	INIT = 1'b0
Module <FTCE_MXILINX_alu4bit_board_sch.4> is correct for synthesis.
 
    Set user-defined property "INIT =  0" for instance <I_36_35> in unit <FTCE_MXILINX_alu4bit_board_sch.4>.
    Set user-defined property "RLOC =  X0Y0" for instance <I_36_35> in unit <FTCE_MXILINX_alu4bit_board_sch.4>.
Analyzing module <FTCE_MXILINX_alu4bit_board_sch.5> in library <work>.
	INIT = 1'b0
Module <FTCE_MXILINX_alu4bit_board_sch.5> is correct for synthesis.
 
    Set user-defined property "INIT =  0" for instance <I_36_35> in unit <FTCE_MXILINX_alu4bit_board_sch.5>.
    Set user-defined property "RLOC =  X0Y0" for instance <I_36_35> in unit <FTCE_MXILINX_alu4bit_board_sch.5>.
Analyzing module <FTCE_MXILINX_alu4bit_board_sch.6> in library <work>.
	INIT = 1'b0
Module <FTCE_MXILINX_alu4bit_board_sch.6> is correct for synthesis.
 
    Set user-defined property "INIT =  0" for instance <I_36_35> in unit <FTCE_MXILINX_alu4bit_board_sch.6>.
    Set user-defined property "RLOC =  X0Y0" for instance <I_36_35> in unit <FTCE_MXILINX_alu4bit_board_sch.6>.
Analyzing module <FTCE_MXILINX_alu4bit_board_sch.7> in library <work>.
	INIT = 1'b0
Module <FTCE_MXILINX_alu4bit_board_sch.7> is correct for synthesis.
 
    Set user-defined property "INIT =  0" for instance <I_36_35> in unit <FTCE_MXILINX_alu4bit_board_sch.7>.
    Set user-defined property "RLOC =  X0Y0" for instance <I_36_35> in unit <FTCE_MXILINX_alu4bit_board_sch.7>.
Analyzing module <FTCE_MXILINX_alu4bit_board_sch.8> in library <work>.
	INIT = 1'b0
Module <FTCE_MXILINX_alu4bit_board_sch.8> is correct for synthesis.
 
    Set user-defined property "INIT =  0" for instance <I_36_35> in unit <FTCE_MXILINX_alu4bit_board_sch.8>.
    Set user-defined property "RLOC =  X0Y0" for instance <I_36_35> in unit <FTCE_MXILINX_alu4bit_board_sch.8>.
Analyzing module <FTCE_MXILINX_alu4bit_board_sch.9> in library <work>.
	INIT = 1'b0
Module <FTCE_MXILINX_alu4bit_board_sch.9> is correct for synthesis.
 
    Set user-defined property "INIT =  0" for instance <I_36_35> in unit <FTCE_MXILINX_alu4bit_board_sch.9>.
    Set user-defined property "RLOC =  X0Y0" for instance <I_36_35> in unit <FTCE_MXILINX_alu4bit_board_sch.9>.
Analyzing module <FTCE_MXILINX_alu4bit_board_sch.10> in library <work>.
	INIT = 1'b0
Module <FTCE_MXILINX_alu4bit_board_sch.10> is correct for synthesis.
 
    Set user-defined property "INIT =  0" for instance <I_36_35> in unit <FTCE_MXILINX_alu4bit_board_sch.10>.
    Set user-defined property "RLOC =  X0Y0" for instance <I_36_35> in unit <FTCE_MXILINX_alu4bit_board_sch.10>.
Analyzing module <FTCE_MXILINX_alu4bit_board_sch.11> in library <work>.
	INIT = 1'b0
Module <FTCE_MXILINX_alu4bit_board_sch.11> is correct for synthesis.
 
    Set user-defined property "INIT =  0" for instance <I_36_35> in unit <FTCE_MXILINX_alu4bit_board_sch.11>.
    Set user-defined property "RLOC =  X0Y0" for instance <I_36_35> in unit <FTCE_MXILINX_alu4bit_board_sch.11>.
Analyzing module <FTCE_MXILINX_alu4bit_board_sch.12> in library <work>.
	INIT = 1'b0
Module <FTCE_MXILINX_alu4bit_board_sch.12> is correct for synthesis.
 
    Set user-defined property "INIT =  0" for instance <I_36_35> in unit <FTCE_MXILINX_alu4bit_board_sch.12>.
    Set user-defined property "RLOC =  X0Y0" for instance <I_36_35> in unit <FTCE_MXILINX_alu4bit_board_sch.12>.
Analyzing module <FTCE_MXILINX_alu4bit_board_sch.13> in library <work>.
	INIT = 1'b0
Module <FTCE_MXILINX_alu4bit_board_sch.13> is correct for synthesis.
 
    Set user-defined property "INIT =  0" for instance <I_36_35> in unit <FTCE_MXILINX_alu4bit_board_sch.13>.
    Set user-defined property "RLOC =  X0Y0" for instance <I_36_35> in unit <FTCE_MXILINX_alu4bit_board_sch.13>.
Analyzing module <FTCE_MXILINX_alu4bit_board_sch.14> in library <work>.
	INIT = 1'b0
Module <FTCE_MXILINX_alu4bit_board_sch.14> is correct for synthesis.
 
    Set user-defined property "INIT =  0" for instance <I_36_35> in unit <FTCE_MXILINX_alu4bit_board_sch.14>.
    Set user-defined property "RLOC =  X0Y0" for instance <I_36_35> in unit <FTCE_MXILINX_alu4bit_board_sch.14>.
Analyzing module <FTCE_MXILINX_alu4bit_board_sch.15> in library <work>.
	INIT = 1'b0
Module <FTCE_MXILINX_alu4bit_board_sch.15> is correct for synthesis.
 
    Set user-defined property "INIT =  0" for instance <I_36_35> in unit <FTCE_MXILINX_alu4bit_board_sch.15>.
    Set user-defined property "RLOC =  X0Y0" for instance <I_36_35> in unit <FTCE_MXILINX_alu4bit_board_sch.15>.
Analyzing module <FTCE_MXILINX_alu4bit_board_sch.16> in library <work>.
	INIT = 1'b0
Module <FTCE_MXILINX_alu4bit_board_sch.16> is correct for synthesis.
 
    Set user-defined property "INIT =  0" for instance <I_36_35> in unit <FTCE_MXILINX_alu4bit_board_sch.16>.
    Set user-defined property "RLOC =  X0Y0" for instance <I_36_35> in unit <FTCE_MXILINX_alu4bit_board_sch.16>.
Analyzing module <D2_4E_MXILINX_alu4bit_board_sch> in library <work>.
Module <D2_4E_MXILINX_alu4bit_board_sch> is correct for synthesis.
 

=========================================================================
*                           HDL Synthesis                               *
=========================================================================

Performing bidirectional port resolution...

Synthesizing Unit <B_MUSER_alu4bit_board_sch>.
    Related source file is "alu4bit_board_sch.vf".
Unit <B_MUSER_alu4bit_board_sch> synthesized.


Synthesizing Unit <C_MUSER_alu4bit_board_sch>.
    Related source file is "alu4bit_board_sch.vf".
Unit <C_MUSER_alu4bit_board_sch> synthesized.


Synthesizing Unit <D_MUSER_alu4bit_board_sch>.
    Related source file is "alu4bit_board_sch.vf".
Unit <D_MUSER_alu4bit_board_sch> synthesized.


Synthesizing Unit <E_MUSER_alu4bit_board_sch>.
    Related source file is "alu4bit_board_sch.vf".
Unit <E_MUSER_alu4bit_board_sch> synthesized.


Synthesizing Unit <F_MUSER_alu4bit_board_sch>.
    Related source file is "alu4bit_board_sch.vf".
Unit <F_MUSER_alu4bit_board_sch> synthesized.


Synthesizing Unit <G_MUSER_alu4bit_board_sch>.
    Related source file is "alu4bit_board_sch.vf".
Unit <G_MUSER_alu4bit_board_sch> synthesized.


Synthesizing Unit <logic_ext_MUSER_alu4bit_board_sch>.
    Related source file is "alu4bit_board_sch.vf".
Unit <logic_ext_MUSER_alu4bit_board_sch> synthesized.


Synthesizing Unit <arith_ext_MUSER_alu4bit_board_sch>.
    Related source file is "alu4bit_board_sch.vf".
Unit <arith_ext_MUSER_alu4bit_board_sch> synthesized.


Synthesizing Unit <fa_sch_MUSER_alu4bit_board_sch>.
    Related source file is "alu4bit_board_sch.vf".
Unit <fa_sch_MUSER_alu4bit_board_sch> synthesized.


Synthesizing Unit <D2_4E_MXILINX_alu4bit_board_sch>.
    Related source file is "alu4bit_board_sch.vf".
Unit <D2_4E_MXILINX_alu4bit_board_sch> synthesized.


Synthesizing Unit <mux4_sch_MUSER_alu4bit_board_sch>.
    Related source file is "alu4bit_board_sch.vf".
Unit <mux4_sch_MUSER_alu4bit_board_sch> synthesized.


Synthesizing Unit <FTCE_MXILINX_alu4bit_board_sch_1>.
    Related source file is "alu4bit_board_sch.vf".
Unit <FTCE_MXILINX_alu4bit_board_sch_1> synthesized.


Synthesizing Unit <FTCE_MXILINX_alu4bit_board_sch_2>.
    Related source file is "alu4bit_board_sch.vf".
Unit <FTCE_MXILINX_alu4bit_board_sch_2> synthesized.


Synthesizing Unit <FTCE_MXILINX_alu4bit_board_sch_3>.
    Related source file is "alu4bit_board_sch.vf".
Unit <FTCE_MXILINX_alu4bit_board_sch_3> synthesized.


Synthesizing Unit <FTCE_MXILINX_alu4bit_board_sch_4>.
    Related source file is "alu4bit_board_sch.vf".
Unit <FTCE_MXILINX_alu4bit_board_sch_4> synthesized.


Synthesizing Unit <FTCE_MXILINX_alu4bit_board_sch_5>.
    Related source file is "alu4bit_board_sch.vf".
Unit <FTCE_MXILINX_alu4bit_board_sch_5> synthesized.


Synthesizing Unit <FTCE_MXILINX_alu4bit_board_sch_6>.
    Related source file is "alu4bit_board_sch.vf".
Unit <FTCE_MXILINX_alu4bit_board_sch_6> synthesized.


Synthesizing Unit <FTCE_MXILINX_alu4bit_board_sch_7>.
    Related source file is "alu4bit_board_sch.vf".
Unit <FTCE_MXILINX_alu4bit_board_sch_7> synthesized.


Synthesizing Unit <FTCE_MXILINX_alu4bit_board_sch_8>.
    Related source file is "alu4bit_board_sch.vf".
Unit <FTCE_MXILINX_alu4bit_board_sch_8> synthesized.


Synthesizing Unit <FTCE_MXILINX_alu4bit_board_sch_9>.
    Related source file is "alu4bit_board_sch.vf".
Unit <FTCE_MXILINX_alu4bit_board_sch_9> synthesized.


Synthesizing Unit <FTCE_MXILINX_alu4bit_board_sch_10>.
    Related source file is "alu4bit_board_sch.vf".
Unit <FTCE_MXILINX_alu4bit_board_sch_10> synthesized.


Synthesizing Unit <FTCE_MXILINX_alu4bit_board_sch_11>.
    Related source file is "alu4bit_board_sch.vf".
Unit <FTCE_MXILINX_alu4bit_board_sch_11> synthesized.


Synthesizing Unit <FTCE_MXILINX_alu4bit_board_sch_12>.
    Related source file is "alu4bit_board_sch.vf".
Unit <FTCE_MXILINX_alu4bit_board_sch_12> synthesized.


Synthesizing Unit <FTCE_MXILINX_alu4bit_board_sch_13>.
    Related source file is "alu4bit_board_sch.vf".
Unit <FTCE_MXILINX_alu4bit_board_sch_13> synthesized.


Synthesizing Unit <FTCE_MXILINX_alu4bit_board_sch_14>.
    Related source file is "alu4bit_board_sch.vf".
Unit <FTCE_MXILINX_alu4bit_board_sch_14> synthesized.


Synthesizing Unit <FTCE_MXILINX_alu4bit_board_sch_15>.
    Related source file is "alu4bit_board_sch.vf".
Unit <FTCE_MXILINX_alu4bit_board_sch_15> synthesized.


Synthesizing Unit <FTCE_MXILINX_alu4bit_board_sch_16>.
    Related source file is "alu4bit_board_sch.vf".
Unit <FTCE_MXILINX_alu4bit_board_sch_16> synthesized.


Synthesizing Unit <bin_to_7seghex_sch_MUSER_alu4bit_board_sch>.
    Related source file is "alu4bit_board_sch.vf".
Unit <bin_to_7seghex_sch_MUSER_alu4bit_board_sch> synthesized.


Synthesizing Unit <alu4bit_sch_MUSER_alu4bit_board_sch>.
    Related source file is "alu4bit_board_sch.vf".
Unit <alu4bit_sch_MUSER_alu4bit_board_sch> synthesized.


Synthesizing Unit <mux4_7bit_sch_MUSER_alu4bit_board_sch>.
    Related source file is "alu4bit_board_sch.vf".
Unit <mux4_7bit_sch_MUSER_alu4bit_board_sch> synthesized.


Synthesizing Unit <CB16CE_MXILINX_alu4bit_board_sch>.
    Related source file is "alu4bit_board_sch.vf".
Unit <CB16CE_MXILINX_alu4bit_board_sch> synthesized.


Synthesizing Unit <seven_seg_control_sch_MUSER_alu4bit_board_sch>.
    Related source file is "alu4bit_board_sch.vf".
WARNING:Xst:646 - Signal <Qout<13:0>> is assigned but never used. This unconnected signal will be trimmed during the optimization process.
Unit <seven_seg_control_sch_MUSER_alu4bit_board_sch> synthesized.


Synthesizing Unit <alu4bit_board_sch>.
    Related source file is "alu4bit_board_sch.vf".
Unit <alu4bit_board_sch> synthesized.


=========================================================================
HDL Synthesis Report

Found no macro
=========================================================================

=========================================================================
*                       Advanced HDL Synthesis                          *
=========================================================================


=========================================================================
Advanced HDL Synthesis Report

Macro Statistics
# Registers                                            : 16
 Flip-Flops                                            : 16

=========================================================================

=========================================================================
*                         Low Level Synthesis                           *
=========================================================================

Optimizing unit <alu4bit_board_sch> ...

Optimizing unit <logic_ext_MUSER_alu4bit_board_sch> ...

Optimizing unit <D2_4E_MXILINX_alu4bit_board_sch> ...

Optimizing unit <FTCE_MXILINX_alu4bit_board_sch_1> ...

Optimizing unit <FTCE_MXILINX_alu4bit_board_sch_2> ...

Optimizing unit <FTCE_MXILINX_alu4bit_board_sch_3> ...

Optimizing unit <FTCE_MXILINX_alu4bit_board_sch_4> ...

Optimizing unit <FTCE_MXILINX_alu4bit_board_sch_5> ...

Optimizing unit <FTCE_MXILINX_alu4bit_board_sch_6> ...

Optimizing unit <FTCE_MXILINX_alu4bit_board_sch_7> ...

Optimizing unit <FTCE_MXILINX_alu4bit_board_sch_8> ...

Optimizing unit <FTCE_MXILINX_alu4bit_board_sch_9> ...

Optimizing unit <FTCE_MXILINX_alu4bit_board_sch_10> ...

Optimizing unit <FTCE_MXILINX_alu4bit_board_sch_11> ...

Optimizing unit <FTCE_MXILINX_alu4bit_board_sch_12> ...

Optimizing unit <FTCE_MXILINX_alu4bit_board_sch_13> ...

Optimizing unit <FTCE_MXILINX_alu4bit_board_sch_14> ...

Optimizing unit <FTCE_MXILINX_alu4bit_board_sch_15> ...

Optimizing unit <FTCE_MXILINX_alu4bit_board_sch_16> ...

Optimizing unit <bin_to_7seghex_sch_MUSER_alu4bit_board_sch> ...

Optimizing unit <alu4bit_sch_MUSER_alu4bit_board_sch> ...

Optimizing unit <CB16CE_MXILINX_alu4bit_board_sch> ...

Optimizing unit <seven_seg_control_sch_MUSER_alu4bit_board_sch> ...

Mapping all equations...
Building and optimizing final netlist ...
Found area constraint ratio of 100 (+ 5) on block alu4bit_board_sch, actual ratio is 1.

Final Macro Processing ...

=========================================================================
Final Register Report

Macro Statistics
# Registers                                            : 16
 Flip-Flops                                            : 16

=========================================================================

=========================================================================
*                           Partition Report                            *
=========================================================================

Partition Implementation Status
-------------------------------

  No Partitions were found in this design.

-------------------------------

=========================================================================
*                            Final Report                               *
=========================================================================
Final Results
RTL Top Level Output File Name     : alu4bit_board_sch.ngr
Top Level Output File Name         : alu4bit_board_sch
Output Format                      : NGC
Optimization Goal                  : Speed
Keep Hierarchy                     : No

Design Statistics
# IOs                              : 28

Cell Usage :
# BELS                             : 401
#      AND2                        : 26
#      AND3                        : 77
#      AND3B1                      : 2
#      AND3B2                      : 1
#      AND4                        : 60
#      AND5                        : 3
#      GND                         : 1
#      INV                         : 142
#      OR2                         : 28
#      OR3                         : 16
#      OR4                         : 15
#      OR5                         : 4
#      VCC                         : 2
#      XOR2                        : 24
# FlipFlops/Latches                : 16
#      FDCE                        : 16
# Clock Buffers                    : 1
#      BUFGP                       : 1
# IO Buffers                       : 27
#      IBUF                        : 11
#      OBUF                        : 16
=========================================================================

Device utilization summary:
---------------------------

Selected Device : 3s100ecp132-4 

 Number of Slices:                       71  out of    960     7%  
 Number of Slice Flip Flops:             16  out of   1920     0%  
 Number of 4 input LUTs:                142  out of   1920     7%  
 Number of IOs:                          28
 Number of bonded IOBs:                  28  out of     83    33%  
 Number of GCLKs:                         1  out of     24     4%  

---------------------------
Partition Resource Summary:
---------------------------

  No Partitions were found in this design.

---------------------------


=========================================================================
TIMING REPORT

NOTE: THESE TIMING NUMBERS ARE ONLY A SYNTHESIS ESTIMATE.
      FOR ACCURATE TIMING INFORMATION PLEASE REFER TO THE TRACE REPORT
      GENERATED AFTER PLACE-and-ROUTE.

Clock Information:
------------------
-----------------------------------+------------------------+-------+
Clock Signal                       | Clock buffer(FF name)  | Load  |
-----------------------------------+------------------------+-------+
CLK                                | BUFGP                  | 16    |
-----------------------------------+------------------------+-------+

Asynchronous Control Signals Information:
----------------------------------------
-----------------------------------------+---------------------------------+-------+
Control Signal                           | Buffer(FF name)                 | Load  |
-----------------------------------------+---------------------------------+-------+
XLXI_6/XLXI_2/TC(XLXI_6/XLXI_2/I_36_22:O)| NONE(XLXI_6/XLXI_2/I_Q0/I_36_35)| 16    |
-----------------------------------------+---------------------------------+-------+

Timing Summary:
---------------
Speed Grade: -4

   Minimum period: 7.791ns (Maximum Frequency: 128.353MHz)
   Minimum input arrival time before clock: No path found
   Maximum output required time after clock: 8.523ns
   Maximum combinational path delay: 25.664ns

Timing Detail:
--------------
All values displayed in nanoseconds (ns)

=========================================================================
Timing constraint: Default period analysis for Clock 'CLK'
  Clock period: 7.791ns (frequency: 128.353MHz)
  Total number of paths / destination ports: 136 / 16
-------------------------------------------------------------------------
Delay:               7.791ns (Levels of Logic = 6)
  Source:            XLXI_6/XLXI_2/I_Q0/I_36_35 (FF)
  Destination:       XLXI_6/XLXI_2/I_Q13/I_36_35 (FF)
  Source Clock:      CLK rising
  Destination Clock: CLK rising

  Data Path: XLXI_6/XLXI_2/I_Q0/I_36_35 to XLXI_6/XLXI_2/I_Q13/I_36_35
                                Gate     Net
    Cell:in->out      fanout   Delay   Delay  Logical Name (Net Name)
    ----------------------------------------  ------------
     FDCE:C->Q             5   0.591   0.633  I_36_35 (Q)
     end scope: 'I_Q0'
     AND4:I3->O            5   0.704   0.633  I_36_10 (T4)
     AND5:I4->O            5   0.704   0.633  I_36_14 (T8)
     AND5:I4->O            5   0.704   0.633  I_36_29 (T12)
     AND2:I1->O            1   0.704   0.420  I_36_23 (T13)
     begin scope: 'I_Q13'
     XOR2:I0->O            1   0.704   0.420  I_36_32 (TQ)
     FDCE:D                    0.308          I_36_35
    ----------------------------------------
    Total                      7.791ns (4.419ns logic, 3.372ns route)
                                       (56.7% logic, 43.3% route)

=========================================================================
Timing constraint: Default OFFSET OUT AFTER for Clock 'CLK'
  Total number of paths / destination ports: 64 / 11
-------------------------------------------------------------------------
Offset:              8.523ns (Levels of Logic = 5)
  Source:            XLXI_6/XLXI_2/I_Q14/I_36_35 (FF)
  Destination:       SS<6> (PAD)
  Source Clock:      CLK rising

  Data Path: XLXI_6/XLXI_2/I_Q14/I_36_35 to SS<6>
                                Gate     Net
    Cell:in->out      fanout   Delay   Delay  Logical Name (Net Name)
    ----------------------------------------  ------------
     FDCE:C->Q            28   0.591   1.261  I_36_35 (Q)
     end scope: 'I_Q14'
     end scope: 'XLXI_6/XLXI_2'
     INV:I->O              2   0.704   0.447  XLXI_6/XLXI_1/XLXI_1/XLXI_6 (XLXI_6/XLXI_1/XLXI_1/XLXN_6)
     AND3:I0->O            1   0.704   0.420  XLXI_6/XLXI_1/XLXI_1/XLXI_1 (XLXI_6/XLXI_1/XLXI_1/XLXN_1)
     OR4:I3->O             1   0.704   0.420  XLXI_6/XLXI_1/XLXI_1/XLXI_5 (SS_5_OBUF)
     OBUF:I->O                 3.272          SS_5_OBUF (SS<5>)
    ----------------------------------------
    Total                      8.523ns (5.975ns logic, 2.548ns route)
                                       (70.1% logic, 29.9% route)

=========================================================================
Timing constraint: Default path analysis
  Total number of paths / destination ports: 8858 / 12
-------------------------------------------------------------------------
Delay:               25.664ns (Levels of Logic = 19)
  Source:            M (PAD)
  Destination:       SS<5> (PAD)

  Data Path: M to SS<5>
                                Gate     Net
    Cell:in->out      fanout   Delay   Delay  Logical Name (Net Name)
    ----------------------------------------  ------------
     IBUF:I->O            35   1.218   1.263  M_IBUF (M_IBUF)
     INV:I->O              2   0.704   0.447  XLXI_5/XLXI_4/XLXI_9 (XLXI_5/XLXI_4/XLXN_20)
     AND4:I0->O            1   0.704   0.420  XLXI_5/XLXI_4/XLXI_4 (XLXI_5/XLXI_4/XLXN_3)
     OR5:I1->O             2   0.704   0.447  XLXI_5/XLXI_4/XLXI_6 (XLXI_5/XLXN_24)
     XOR2:I0->O            2   0.704   0.447  XLXI_5/XLXI_12/XLXI_2 (XLXI_5/XLXI_12/XLXN_3)
     AND2:I0->O            1   0.704   0.420  XLXI_5/XLXI_12/XLXI_4 (XLXI_5/XLXI_12/XLXN_6)
     OR2:I1->O             2   0.704   0.447  XLXI_5/XLXI_12/XLXI_3 (XLXI_5/XLXN_57)
     AND2:I1->O            1   0.704   0.420  XLXI_5/XLXI_11/XLXI_4 (XLXI_5/XLXI_11/XLXN_6)
     OR2:I1->O             2   0.704   0.447  XLXI_5/XLXI_11/XLXI_3 (XLXI_5/XLXN_58)
     AND2:I1->O            1   0.704   0.420  XLXI_5/XLXI_10/XLXI_4 (XLXI_5/XLXI_10/XLXN_6)
     OR2:I1->O             2   0.704   0.447  XLXI_5/XLXI_10/XLXI_3 (XLXI_5/XLXN_59)
     XOR2:I1->O           16   0.704   1.034  XLXI_5/XLXI_13/XLXI_5 (F3_OBUF)
     INV:I->O              2   0.704   0.447  XLXI_4/XLXI_41/XLXI_1 (XLXI_4/XLXI_41/XLXN_5)
     AND4:I3->O            1   0.704   0.420  XLXI_4/XLXI_41/XLXI_7 (XLXI_4/XLXI_41/XLXN_14)
     OR2:I0->O             1   0.704   0.420  XLXI_4/XLXI_41/XLXI_8 (XLXI_4/XLXN_88)
     OR3:I0->O             1   0.704   0.420  XLXI_4/XLXI_44 (R<5>)
     AND3:I2->O            1   0.704   0.420  XLXI_6/XLXI_1/XLXI_1/XLXI_4 (XLXI_6/XLXI_1/XLXI_1/XLXN_5)
     OR4:I0->O             1   0.704   0.420  XLXI_6/XLXI_1/XLXI_1/XLXI_5 (SS_5_OBUF)
     OBUF:I->O                 3.272          SS_5_OBUF (SS<5>)
    ----------------------------------------
    Total                     25.664ns (16.458ns logic, 9.206ns route)
                                       (64.1% logic, 35.9% route)

=========================================================================


Total REAL time to Xst completion: 80.00 secs
Total CPU time to Xst completion: 79.79 secs
 
--> 

Total memory usage is 272400 kilobytes

Number of errors   :    0 (   0 filtered)
Number of warnings :    1 (   0 filtered)
Number of infos    :    0 (   0 filtered)

